// Jest Snapshot v1, https://goo.gl/fbAQLP

exports[`Badge Badge renderes 1`] = `
<span
  className="dui-badge"
>
  Hello
</span>
`;
